...............................                                          [100%]
=============================== warnings summary ===============================
../.venv/lib/python3.12/site-packages/starlette/testclient.py:53
  /workspace/scratch/99c92a347ff8/.venv/lib/python3.12/site-packages/starlette/testclient.py:53: DeprecationWarning: The anyio.abc.BlockingPortal alias is deprecated, use anyio.from_thread.BlockingPortal instead.
    _PortalFactoryType = Callable[[], AbstractContextManager[anyio.abc.BlockingPortal]]

-- Docs: https://docs.pytest.org/en/stable/how-to/capture-warnings.html
31 passed, 1 warning in 15.85s
